// Jest Snapshot v1, https://goo.gl/fbAQLP

exports[`VCheckbox matches snapshot 1`] = `<label class="v-checkbox checkbox"><input type="checkbox"> <span class="checkbox-label">Default Checkbox</span></label>`;
